This is pdfTeX, Version 3.141592653-2.6-1.40.28 (MiKTeX 25.12) (preloaded format=pdflatex.fmt)
 restricted \write18 enabled.
entering extended mode
(supplement.tex
LaTeX2e <2025-11-01>
L3 programming layer <2025-12-24>
(C:\Users\DELL\AppData\Local\Programs\MiKTeX\tex/latex/base\article.cls
Document Class: article 2025/01/22 v1.4n Standard LaTeX document class
(C:\Users\DELL\AppData\Local\Programs\MiKTeX\tex/latex/base\size10.clo))
(C:\Users\DELL\AppData\Local\Programs\MiKTeX\tex/latex/geometry\geometry.sty
(C:\Users\DELL\AppData\Local\Programs\MiKTeX\tex/latex/graphics\keyval.sty)
(C:\Users\DELL\AppData\Local\Programs\MiKTeX\tex/generic/iftex\ifvtex.sty
(C:\Users\DELL\AppData\Local\Programs\MiKTeX\tex/generic/iftex\iftex.sty))
(C:\Users\DELL\AppData\Local\Programs\MiKTeX\tex/latex/geometry\geometry.cfg))
(C:\Users\DELL\AppData\Local\Programs\MiKTeX\tex/latex/graphics\graphicx.sty
(C:\Users\DELL\AppData\Local\Programs\MiKTeX\tex/latex/graphics\graphics.sty
(C:\Users\DELL\AppData\Local\Programs\MiKTeX\tex/latex/graphics\trig.sty)
(C:\Users\DELL\AppData\Local\Programs\MiKTeX\tex/latex/graphics-cfg\graphics.cf
g)
(C:\Users\DELL\AppData\Local\Programs\MiKTeX\tex/latex/graphics-def\pdftex.def)
)) (C:\Users\DELL\AppData\Local\Programs\MiKTeX\tex/latex/booktabs\booktabs.sty
) (C:\Users\DELL\AppData\Local\Programs\MiKTeX\tex/latex/amsmath\amsmath.sty
For additional information on amsmath, use the `?' option.
(C:\Users\DELL\AppData\Local\Programs\MiKTeX\tex/latex/amsmath\amstext.sty
(C:\Users\DELL\AppData\Local\Programs\MiKTeX\tex/latex/amsmath\amsgen.sty))
(C:\Users\DELL\AppData\Local\Programs\MiKTeX\tex/latex/amsmath\amsbsy.sty)
(C:\Users\DELL\AppData\Local\Programs\MiKTeX\tex/latex/amsmath\amsopn.sty))
(C:\Users\DELL\AppData\Local\Programs\MiKTeX\tex/latex/amsfonts\amssymb.sty
(C:\Users\DELL\AppData\Local\Programs\MiKTeX\tex/latex/amsfonts\amsfonts.sty))
(C:\Users\DELL\AppData\Local\Programs\MiKTeX\tex/latex/hyperref\hyperref.sty
(C:\Users\DELL\AppData\Local\Programs\MiKTeX\tex/latex/kvsetkeys\kvsetkeys.sty)

(C:\Users\DELL\AppData\Local\Programs\MiKTeX\tex/generic/kvdefinekeys\kvdefinek
eys.sty)
(C:\Users\DELL\AppData\Local\Programs\MiKTeX\tex/generic/pdfescape\pdfescape.st
y (C:\Users\DELL\AppData\Local\Programs\MiKTeX\tex/generic/ltxcmds\ltxcmds.sty)

(C:\Users\DELL\AppData\Local\Programs\MiKTeX\tex/generic/pdftexcmds\pdftexcmds.
sty
(C:\Users\DELL\AppData\Local\Programs\MiKTeX\tex/generic/infwarerr\infwarerr.st
y))) (C:\Users\DELL\AppData\Local\Programs\MiKTeX\tex/latex/hycolor\hycolor.sty
) (C:\Users\DELL\AppData\Local\Programs\MiKTeX\tex/latex/hyperref\nameref.sty
(C:\Users\DELL\AppData\Local\Programs\MiKTeX\tex/latex/refcount\refcount.sty)
(C:\Users\DELL\AppData\Local\Programs\MiKTeX\tex/generic/gettitlestring\gettitl
estring.sty
(C:\Users\DELL\AppData\Local\Programs\MiKTeX\tex/latex/kvoptions\kvoptions.sty)
)) (C:\Users\DELL\AppData\Local\Programs\MiKTeX\tex/latex/etoolbox\etoolbox.sty
)
(C:\Users\DELL\AppData\Local\Programs\MiKTeX\tex/generic/stringenc\stringenc.st
y) (C:\Users\DELL\AppData\Local\Programs\MiKTeX\tex/latex/hyperref\pd1enc.def)
(C:\Users\DELL\AppData\Local\Programs\MiKTeX\tex/generic/intcalc\intcalc.sty)
(C:\Users\DELL\AppData\Local\Programs\MiKTeX\tex/latex/hyperref\puenc.def)
(C:\Users\DELL\AppData\Local\Programs\MiKTeX\tex/latex/url\url.sty)
(C:\Users\DELL\AppData\Local\Programs\MiKTeX\tex/generic/bitset\bitset.sty
(C:\Users\DELL\AppData\Local\Programs\MiKTeX\tex/generic/bigintcalc\bigintcalc.
sty)))
(C:\Users\DELL\AppData\Local\Programs\MiKTeX\tex/latex/hyperref\hpdftex.def
(C:\Users\DELL\AppData\Local\Programs\MiKTeX\tex/latex/rerunfilecheck\rerunfile
check.sty
(C:\Users\DELL\AppData\Local\Programs\MiKTeX\tex/generic/uniquecounter\uniqueco
unter.sty)))
(C:\Users\DELL\AppData\Local\Programs\MiKTeX\tex/latex/fancyvrb\fancyvrb.sty)
(C:\Users\DELL\AppData\Local\Programs\MiKTeX\tex/latex/amscls\amsthm.sty)
(C:\Users\DELL\AppData\Local\Programs\MiKTeX\tex/latex/tools\xr.sty)
(C:\Users\DELL\AppData\Local\Programs\MiKTeX\tex/latex/l3backend\l3backend-pdft
ex.def)
No file supplement.aux.
*geometry* driver: auto-detecting
*geometry* detected driver: pdftex

(C:\Users\DELL\AppData\Local\Programs\MiKTeX\tex/context/base/mkii\supp-pdf.mki
i
[Loading MPS to PDF converter (version 2006.09.02).]
)
(C:\Users\DELL\AppData\Local\Programs\MiKTeX\tex/latex/epstopdf-pkg\epstopdf-ba
se.sty
(C:\Users\DELL\AppData\Local\Programs\MiKTeX\tex/latex/00miktex\epstopdf-sys.cf
g)) (C:\Users\DELL\AppData\Local\Programs\MiKTeX\tex/latex/amsfonts\umsa.fd)
(C:\Users\DELL\AppData\Local\Programs\MiKTeX\tex/latex/amsfonts\umsb.fd)

LaTeX Warning: Reference `sup:repository' on page 1 undefined on input line 22.



LaTeX Warning: Reference `tab:exposure' on page 1 undefined on input line 25.


Underfull \hbox (badness 10000) in paragraph at lines 34--34
[]\OT1/cmr/m/n/9 Method de-vel-op-ment (R1--R7):

Underfull \hbox (badness 7030) in paragraph at lines 35--35
\OT1/cmr/m/n/9 lines, clas-si-cal de-tec-tors, order-

Underfull \hbox (badness 2042) in paragraph at lines 36--37
[]\OT1/cmr/m/n/9 Frozen-protocol eval-u-a-tion on the same

Underfull \hbox (badness 2126) in paragraph at lines 42--42
[]\OT1/cmr/m/n/9 Second-radar sea-clutter con-fir-ma-

Underfull \hbox (badness 1838) in paragraph at lines 42--43
[]\OT1/cmr/m/n/9 Untouched: pro-to-col frozen be-fore any

LaTeX Warning: `h' float specifier changed to `ht'.


LaTeX Warning: Reference `sup:r17' on page 1 undefined on input line 60.


LaTeX Warning: Reference `sup:r14' on page 1 undefined on input line 62.


LaTeX Warning: Reference `sup:r15' on page 1 undefined on input line 63.

[1{C:/Users/DELL/AppData/Local/MiKTeX/fonts/map/pdftex/pdftex.map}] [2]

LaTeX Warning: Citation `S-brockwell1991' on page 3 undefined on input line 75.



LaTeX Warning: Citation `S-dewolf2025' on page 3 undefined on input line 77.

(sec_r12_proofs.tex [3] [4]) [5]

LaTeX Warning: Reference `sup:unmet' on page 6 undefined on input line 118.


LaTeX Warning: Reference `fig:sup_theory' on page 6 undefined on input line 121
.


LaTeX Warning: Reference `tab:ipix_ci' on page 6 undefined on input line 130.


LaTeX Warning: Reference `tab:netrad_ci' on page 6 undefined on input line 130.



LaTeX Warning: Reference `tab:pivot' on page 6 undefined on input line 247.


LaTeX Warning: `h' float specifier changed to `ht'.


LaTeX Warning: Reference `fig:sup_synthetic' on page 6 undefined on input line 
311.


LaTeX Warning: Reference `fig:sup_texture' on page 6 undefined on input line 32
0.

(tab_main.tex)

LaTeX Warning: `h' float specifier changed to `ht'.

(tab_transfer.tex)

LaTeX Warning: `h' float specifier changed to `ht'.

[6] [7 <./fig_theory_full.pdf>] [8] [9] [10 <./fig_synthetic_exact.pdf> <./fig_
texture_conditional.pdf>]

LaTeX Warning: Reference `tab:holdout' on page 11 undefined on input line 342.

(tab_holdout.tex)

LaTeX Warning: `h' float specifier changed to `ht'.

[11]

LaTeX Warning: Reference `fig:sup_detection' on page 12 undefined on input line
 386.

[12]
Underfull \hbox (badness 2119) in paragraph at lines 394--394
[]\OT1/cmr/m/n/10 Table S9: []Onset SCR gain at de-sign $\OML/cmm/m/it/10 P[] \
OT1/cmr/m/n/10 = 0\OML/cmm/m/it/10 :\OT1/cmr/m/n/10 01$: mean per-unit gain [95
% day-cluster in-ter-val], from
(tab_dwell.tex)

LaTeX Warning: `h' float specifier changed to `ht'.

[13 <./fig_detection.pdf>] [14]

LaTeX Warning: Reference `sup:unmet' on page 15 undefined on input line 481.

[15] [16]

LaTeX Warning: Reference `fig:sup_ground' on page 17 undefined on input line 61
4.

(tab_target.tex)

LaTeX Warning: `h' float specifier changed to `ht'.

[17] [18] [19 <./fig_jku.pdf>]

LaTeX Warning: Reference `tab:netrad_ci' on page 20 undefined on input line 710
.


Underfull \hbox (badness 3118) in paragraph at lines 713--714
\OT1/cmr/m/n/10 Frozen pro-to-col \OT1/cmtt/m/n/10 r17/PROTOCOL[]R17.md\OT1/cmr
/m/n/10 , com-mit-ted and pushed be-fore the data were ob-tained; ver-dicts in
[20] [21]

LaTeX Warning: Reference `sup:uw' on page 22 undefined on input line 805.

[22]

LaTeX Warning: Reference `tab:long_guard' on page 23 undefined on input line 87
3.


LaTeX Warning: Reference `fig:long_guard' on page 23 undefined on input line 87
3.


LaTeX Warning: Reference `tab:migration_null' on page 23 undefined on input lin
e 885.


LaTeX Warning: Reference `tab:migration_targets' on page 23 undefined on input 
line 885.

[23] [24 <./fig_guard_extension.pdf>] [25]

LaTeX Warning: Reference `tab:uw_primary' on page 26 undefined on input line 94
5.


LaTeX Warning: Reference `tab:uw_sensitivity' on page 26 undefined on input lin
e 945.


LaTeX Warning: Reference `sup:indep' on page 26 undefined on input line 974.


Underfull \hbox (badness 10000) in paragraph at lines 978--979
[]\OT1/cmr/m/n/10 Main pro-to-col: \OT1/cmtt/m/n/10 PROTOCOL.md\OT1/cmr/m/n/10 
; de-tec-tion/onset pro-to-cols: \OT1/cmtt/m/n/10 detection/PROTOCOL[]DETECTION
.md\OT1/cmr/m/n/10 ,
[26]
Underfull \hbox (badness 10000) in paragraph at lines 983--984
[]\OT1/cmtt/m/n/10 detection/\OT1/cmr/m/n/10 : \OT1/cmtt/m/n/10 detection[]summ
ary.txt\OT1/cmr/m/n/10 ; \OT1/cmtt/m/n/10 dwell[]summary.txt\OT1/cmr/m/n/10 ; \
OT1/cmtt/m/n/10 onset[]summary.txt\OT1/cmr/m/n/10 ; \OT1/cmtt/m/n/10 onset[]the
ory.json\OT1/cmr/m/n/10 ;

Underfull \hbox (badness 10000) in paragraph at lines 988--989
[]\OT1/cmtt/m/n/10 r15/\OT1/cmr/m/n/10 : \OT1/cmtt/m/n/10 explore[]r15[]attribu
tion[]output.txt\OT1/cmr/m/n/10 ; \OT1/cmtt/m/n/10 explore[]r15[]flag[]extent[]
output.txt\OT1/cmr/m/n/10 ;
[27] (supplement.aux)

LaTeX Warning: There were undefined references.


LaTeX Warning: Label(s) may have changed. Rerun to get cross-references right.


Package rerunfilecheck Warning: File `supplement.out' has changed.
(rerunfilecheck)                Rerun to get outlines right
(rerunfilecheck)                or use package `bookmark'.

 )
(see the transcript file for additional information) <C:\Users\DELL\AppData\Loc
al\MiKTeX\fonts/pk/ljfour/jknappen/ec/dpi600\tcrm1000.pk><C:/Users/DELL/AppData
/Local/Programs/MiKTeX/fonts/type1/public/amsfonts/cm/cmbx10.pfb><C:/Users/DELL
/AppData/Local/Programs/MiKTeX/fonts/type1/public/amsfonts/cm/cmbx12.pfb><C:/Us
ers/DELL/AppData/Local/Programs/MiKTeX/fonts/type1/public/amsfonts/cm/cmbx9.pfb
><C:/Users/DELL/AppData/Local/Programs/MiKTeX/fonts/type1/public/amsfonts/cm/cm
ex10.pfb><C:/Users/DELL/AppData/Local/Programs/MiKTeX/fonts/type1/public/amsfon
ts/cm/cmmi10.pfb><C:/Users/DELL/AppData/Local/Programs/MiKTeX/fonts/type1/publi
c/amsfonts/cm/cmmi5.pfb><C:/Users/DELL/AppData/Local/Programs/MiKTeX/fonts/type
1/public/amsfonts/cm/cmmi7.pfb><C:/Users/DELL/AppData/Local/Programs/MiKTeX/fon
ts/type1/public/amsfonts/cm/cmmi9.pfb><C:/Users/DELL/AppData/Local/Programs/MiK
TeX/fonts/type1/public/amsfonts/cm/cmr10.pfb><C:/Users/DELL/AppData/Local/Progr
ams/MiKTeX/fonts/type1/public/amsfonts/cm/cmr12.pfb><C:/Users/DELL/AppData/Loca
l/Programs/MiKTeX/fonts/type1/public/amsfonts/cm/cmr17.pfb><C:/Users/DELL/AppDa
ta/Local/Programs/MiKTeX/fonts/type1/public/amsfonts/cm/cmr5.pfb><C:/Users/DELL
/AppData/Local/Programs/MiKTeX/fonts/type1/public/amsfonts/cm/cmr6.pfb><C:/User
s/DELL/AppData/Local/Programs/MiKTeX/fonts/type1/public/amsfonts/cm/cmr7.pfb><C
:/Users/DELL/AppData/Local/Programs/MiKTeX/fonts/type1/public/amsfonts/cm/cmr9.
pfb><C:/Users/DELL/AppData/Local/Programs/MiKTeX/fonts/type1/public/amsfonts/cm
/cmss8.pfb><C:/Users/DELL/AppData/Local/Programs/MiKTeX/fonts/type1/public/amsf
onts/cm/cmsy10.pfb><C:/Users/DELL/AppData/Local/Programs/MiKTeX/fonts/type1/pub
lic/amsfonts/cm/cmsy5.pfb><C:/Users/DELL/AppData/Local/Programs/MiKTeX/fonts/ty
pe1/public/amsfonts/cm/cmsy6.pfb><C:/Users/DELL/AppData/Local/Programs/MiKTeX/f
onts/type1/public/amsfonts/cm/cmsy7.pfb><C:/Users/DELL/AppData/Local/Programs/M
iKTeX/fonts/type1/public/amsfonts/cm/cmsy9.pfb><C:/Users/DELL/AppData/Local/Pro
grams/MiKTeX/fonts/type1/public/amsfonts/cm/cmti10.pfb><C:/Users/DELL/AppData/L
ocal/Programs/MiKTeX/fonts/type1/public/amsfonts/cm/cmtt10.pfb><C:/Users/DELL/A
ppData/Local/Programs/MiKTeX/fonts/type1/public/amsfonts/symbols/msam10.pfb><C:
/Users/DELL/AppData/Local/Programs/MiKTeX/fonts/type1/public/amsfonts/symbols/m
sbm10.pfb>
Output written on supplement.pdf (27 pages, 617282 bytes).
Transcript written on supplement.log.
pdflatex: major issue: So far, you have not checked for MiKTeX updates.
